// Jest Snapshot v1, https://goo.gl/fbAQLP

exports[`DataTable Snapshots Renders with default props 1`] = `
<table>
  <caption>
    Financial Instruments
  </caption>
  <thead>
    <tr>
      <th>
        <button
          onClick={[Function]}
        >
          <div
            className="Inline-wrapper"
          >
            <div>
              Ticker
            </div>
            <div>
              <svg>
                sort.svg
              </svg>
            </div>
          </div>
        </button>
      </th>
      <th>
        <button
          onClick={[Function]}
        >
          <div
            className="Inline-wrapper"
          >
            <div>
              Price
            </div>
            <div>
              <svg>
                sort.svg
              </svg>
            </div>
          </div>
        </button>
      </th>
      <th>
        <button
          onClick={[Function]}
        >
          <div
            className="Inline-wrapper"
          >
            <div>
              Asset Class
            </div>
            <div>
              <svg>
                sort.svg
              </svg>
            </div>
          </div>
        </button>
      </th>
    </tr>
  </thead>
  <tbody>
    <tr
      className="assetClass-Credit"
    >
      <td>
        UNO
      </td>
      <td
        className="price-positive"
      >
        1111.11
      </td>
      <td>
        Credit
      </td>
    </tr>
    <tr
      className="assetClass-Equities"
    >
      <td>
        DOS
      </td>
      <td
        className="price-positive"
      >
        2222.22
      </td>
      <td>
        Equities
      </td>
    </tr>
    <tr
      className="assetClass-Macro"
    >
      <td>
        TRES
      </td>
      <td
        className="price-positive"
      >
        3333.33
      </td>
      <td>
        Macro
      </td>
    </tr>
    <tr
      className="assetClass-Credit"
    >
      <td>
        UN
      </td>
      <td
        className="price-negative"
      >
        -1111.11
      </td>
      <td>
        Credit
      </td>
    </tr>
    <tr
      className="assetClass-Equities"
    >
      <td>
        DEUX
      </td>
      <td
        className="price-negative"
      >
        -2222.22
      </td>
      <td>
        Equities
      </td>
    </tr>
    <tr
      className="assetClass-Macro"
    >
      <td>
        TROIS
      </td>
      <td
        className="price-negative"
      >
        -333.33
      </td>
      <td>
        Macro
      </td>
    </tr>
  </tbody>
</table>
`;
